# noPath Testing file

# Create a graph
created graph graph1

# Add a pair of nodes
created node n1 with cost 5
created node n2 with cost 5
added node n1 to graph1
added node n2 to graph1

# Print some stuff
graph1 contains: n1 n2
the children of n1 in graph1 are:
the children of n2 in graph1 are:

# Find a path
no path found in graph1
no path found in graph1
